Copyright 1986-2018 Xilinx, Inc. All Rights Reserved.
---------------------------------------------------------------------------------------------
| Tool Version : Vivado v.2018.2 (win64) Build 2258646 Thu Jun 14 20:03:12 MDT 2018
| Date         : Sat Nov  3 23:14:26 2018
| Host         : DESKTOP-8KGDMUN running 64-bit major release  (build 9200)
| Command      : report_clock_utilization -file Voice_Scope_TOP_clock_utilization_routed.rpt
| Design       : Voice_Scope_TOP
| Device       : 7a35t-cpg236
| Speed File   : -1  PRODUCTION 1.22 2018-03-21
---------------------------------------------------------------------------------------------

Clock Utilization Report

Table of Contents
-----------------
1. Clock Primitive Utilization
2. Global Clock Resources
3. Global Clock Source Details
4. Local Clock Details
5. Clock Regions: Key Resource Utilization
6. Clock Regions : Global Clock Summary
7. Device Cell Placement Summary for Global Clock g0
8. Device Cell Placement Summary for Global Clock g1
9. Device Cell Placement Summary for Global Clock g2
10. Device Cell Placement Summary for Global Clock g3
11. Device Cell Placement Summary for Global Clock g4
12. Device Cell Placement Summary for Global Clock g5
13. Device Cell Placement Summary for Global Clock g6
14. Device Cell Placement Summary for Global Clock g7
15. Device Cell Placement Summary for Global Clock g8
16. Device Cell Placement Summary for Global Clock g9
17. Clock Region Cell Placement per Global Clock: Region X0Y0
18. Clock Region Cell Placement per Global Clock: Region X1Y0
19. Clock Region Cell Placement per Global Clock: Region X0Y1
20. Clock Region Cell Placement per Global Clock: Region X1Y1
21. Clock Region Cell Placement per Global Clock: Region X0Y2
22. Clock Region Cell Placement per Global Clock: Region X1Y2

1. Clock Primitive Utilization
------------------------------

+----------+------+-----------+-----+--------------+--------+
| Type     | Used | Available | LOC | Clock Region | Pblock |
+----------+------+-----------+-----+--------------+--------+
| BUFGCTRL |   10 |        32 |   0 |            0 |      0 |
| BUFH     |    0 |        72 |   0 |            0 |      0 |
| BUFIO    |    0 |        20 |   0 |            0 |      0 |
| BUFMR    |    0 |        10 |   0 |            0 |      0 |
| BUFR     |    0 |        20 |   0 |            0 |      0 |
| MMCM     |    1 |         5 |   0 |            0 |      0 |
| PLL      |    0 |         5 |   0 |            0 |      0 |
+----------+------+-----------+-----+--------------+--------+


2. Global Clock Resources
-------------------------

+-----------+-----------+-----------------+------------+---------------+--------------+-------------------+-------------+-----------------+--------------+--------------------+------------------------------------+---------------------------------------------+
| Global Id | Source Id | Driver Type/Pin | Constraint | Site          | Clock Region | Load Clock Region | Clock Loads | Non-Clock Loads | Clock Period | Clock              | Driver Pin                         | Net                                         |
+-----------+-----------+-----------------+------------+---------------+--------------+-------------------+-------------+-----------------+--------------+--------------------+------------------------------------+---------------------------------------------+
| g0        | src0      | BUFG/O          | None       | BUFGCTRL_X0Y0 | n/a          |                 6 |       13596 |              13 |              |                    | J_MIC3_Pin1_OBUF_BUFG_inst/O       | J_MIC3_Pin1_OBUF_BUFG                       |
| g1        | src1      | BUFG/O          | None       | BUFGCTRL_X0Y2 | n/a          |                 4 |         506 |               0 |       10.000 | sys_clk_pin        | CLK_IBUF_BUFG_inst/O               | CLK_IBUF_BUFG                               |
| g2        | src2      | BUFG/O          | None       | BUFGCTRL_X0Y1 | n/a          |                 2 |         274 |               0 |              |                    | clk_20Hz_BUFG_inst/O               | clk_20Hz_BUFG                               |
| g3        | src3      | BUFG/O          | None       | BUFGCTRL_X0Y5 | n/a          |                 6 |         189 |               0 |        9.259 | clk_out1_clk_wiz_0 | display/VGA_CLK_108M/clkout1_buf/O | display/VGA_CLK_108M/clk_out1               |
| g4        | src4      | BUFG/O          | None       | BUFGCTRL_X0Y3 | n/a          |                 1 |         129 |               0 |              |                    | clk_128Hz_BUFG_inst/O              | clk_128Hz_BUFG                              |
| g5        | src5      | BUFG/O          | None       | BUFGCTRL_X0Y4 | n/a          |                 1 |         129 |               0 |              |                    | clk_640Hz_BUFG_inst/O              | clk_640Hz_BUFG                              |
| g6        | src6      | BUFG/O          | None       | BUFGCTRL_X0Y6 | n/a          |                 2 |          57 |               0 |              |                    | clk_10Hz_BUFG_inst/O               | clk_10Hz_BUFG                               |
| g7        | src7      | BUFG/O          | None       | BUFGCTRL_X0Y7 | n/a          |                 1 |          57 |               0 |              |                    | clk_2Hz_BUFG_inst/O                | clk_2Hz_BUFG                                |
| g8        | src8      | BUFG/O          | None       | BUFGCTRL_X0Y8 | n/a          |                 1 |          44 |               0 |              |                    | clk_762Hz_BUFG_inst/O              | clk_762Hz_BUFG                              |
| g9        | src3      | BUFG/O          | None       | BUFGCTRL_X0Y9 | n/a          |                 1 |           1 |               0 |       10.000 | clkfbout_clk_wiz_0 | display/VGA_CLK_108M/clkf_buf/O    | display/VGA_CLK_108M/clkfbout_buf_clk_wiz_0 |
+-----------+-----------+-----------------+------------+---------------+--------------+-------------------+-------------+-----------------+--------------+--------------------+------------------------------------+---------------------------------------------+
* Clock Loads column represents the clock pin loads (pin count)
** Non-Clock Loads column represents the non-clock pin loads (pin count)


3. Global Clock Source Details
------------------------------

+-----------+-----------+---------------------+------------+-----------------+--------------+-------------+-----------------+---------------------+--------------------+---------------------------------------------+-----------------------------------------+
| Source Id | Global Id | Driver Type/Pin     | Constraint | Site            | Clock Region | Clock Loads | Non-Clock Loads | Source Clock Period | Source Clock       | Driver Pin                                  | Net                                     |
+-----------+-----------+---------------------+------------+-----------------+--------------+-------------+-----------------+---------------------+--------------------+---------------------------------------------+-----------------------------------------+
| src0      | g0        | FDRE/Q              | None       | SLICE_X65Y40    | X1Y0         |           1 |               1 |                     |                    | clock_divider_1/name1/clk_reg/Q             | clock_divider_1/name1/J_MIC3_Pin1_OBUF  |
| src1      | g1        | IBUF/O              | IOB_X1Y26  | IOB_X1Y26       | X1Y0         |           1 |               0 |              10.000 | sys_clk_pin        | CLK_IBUF_inst/O                             | CLK_IBUF                                |
| src2      | g2        | FDRE/Q              | None       | SLICE_X53Y34    | X1Y0         |           1 |               1 |                     |                    | clock_divider_9/name1/clk_reg/Q             | clock_divider_9/name1/clk_20Hz          |
| src3      | g3        | MMCME2_ADV/CLKOUT0  | None       | MMCME2_ADV_X1Y0 | X1Y0         |           1 |               0 |               9.259 | clk_out1_clk_wiz_0 | display/VGA_CLK_108M/mmcm_adv_inst/CLKOUT0  | display/VGA_CLK_108M/clk_out1_clk_wiz_0 |
| src3      | g9        | MMCME2_ADV/CLKFBOUT | None       | MMCME2_ADV_X1Y0 | X1Y0         |           1 |               0 |              10.000 | clkfbout_clk_wiz_0 | display/VGA_CLK_108M/mmcm_adv_inst/CLKFBOUT | display/VGA_CLK_108M/clkfbout_clk_wiz_0 |
| src4      | g4        | FDRE/Q              | None       | SLICE_X62Y26    | X1Y0         |           1 |               1 |                     |                    | clock_divider_5/name1/clk_reg/Q             | clock_divider_5/name1/clk_128Hz         |
| src5      | g5        | FDRE/Q              | None       | SLICE_X61Y34    | X1Y0         |           1 |               1 |                     |                    | clock_divider_4/name1/clk_reg/Q             | clock_divider_4/name1/clk_640Hz         |
| src6      | g6        | FDRE/Q              | None       | SLICE_X65Y30    | X1Y0         |           1 |               1 |                     |                    | clock_divider_2/name1/clk_reg/Q             | clock_divider_2/name1/clk_10Hz          |
| src7      | g7        | FDRE/Q              | None       | SLICE_X46Y32    | X1Y0         |           1 |               1 |                     |                    | clock_divider_8/name1/clk_reg/Q             | clock_divider_8/name1/clk_2Hz           |
| src8      | g8        | FDRE/Q              | None       | SLICE_X59Y40    | X1Y0         |           1 |               1 |                     |                    | clock_divider_6/name1/clk_reg/Q             | clock_divider_6/name1/clk_762Hz         |
+-----------+-----------+---------------------+------------+-----------------+--------------+-------------+-----------------+---------------------+--------------------+---------------------------------------------+-----------------------------------------+
* Clock Loads column represents the clock pin loads (pin count)
** Non-Clock Loads column represents the non-clock pin loads (pin count)


4. Local Clock Details
----------------------

+----------+-----------------+------------+-----------------+--------------+-------------+-----------------+--------------+-------+-----------------------------------+---------------------------------+
| Local Id | Driver Type/Pin | Constraint | Site/BEL        | Clock Region | Clock Loads | Non-Clock Loads | Clock Period | Clock | Driver Pin                        | Net                             |
+----------+-----------------+------------+-----------------+--------------+-------------+-----------------+--------------+-------+-----------------------------------+---------------------------------||
| 0        | FDRE/Q          | None       | SLICE_X14Y7/AFF | X0Y0         |          31 |               1 |              |       | draw_grid1/name1/name1/clk_reg/Q  | draw_grid1/name1/name1/CLK      - Static -
| 1        | FDRE/Q          | None       | SLICE_X50Y8/AFF | X1Y0         |          17 |               1 |              |       | clock_divider_11/name1/clk_reg/Q  | clock_divider_11/name1/clk_30Hz - Static -
| 2        | FDRE/Q          | None       | SLICE_X2Y7/AFF  | X0Y0         |          14 |               1 |              |       | display/my_clk_reg/Q              | display/my_clk                  - Static -
| 3        | FDRE/Q          | None       | SLICE_X2Y3/AFF  | X0Y0         |          12 |               2 |              |       | voice_capture/sclk_reg/Q          | voice_capture/J_MIC3_Pin4_OBUF  - Static -
| 4        | FDRE/Q          | None       | SLICE_X0Y7/AFF  | X0Y0         |          11 |               1 |              |       | draw_grid_select/my_clk_reg/Q     | draw_grid_select/my_clk         - Static -
| 5        | FDRE/Q          | None       | SLICE_X15Y6/AFF | X0Y0         |           9 |               1 |              |       | draw_wave/name1/name1/clk_reg/Q   | draw_wave/name1/name1/CLK       - Static -
| 6        | FDRE/Q          | None       | SLICE_X10Y7/AFF | X0Y0         |           9 |               1 |              |       | draw_wave_A/name1/name1/clk_reg/Q | draw_wave_A/name1/name1/clk_2Hz - Static -
+----------+-----------------+------------+-----------------+--------------+-------------+-----------------+--------------+-------+-----------------------------------+---------------------------------||
* Local Clocks in this context represents only clocks driven by non-global buffers
** Clock Loads column represents the clock pin loads (pin count)
*** Non-Clock Loads column represents the non-clock pin loads (pin count)


5. Clock Regions: Key Resource Utilization
------------------------------------------

+-------------------+--------------+--------------+--------------+--------------+--------------+--------------+--------------+--------------+--------------+--------------+--------------+--------------+--------------+--------------+--------------+
|                   | Global Clock |     BUFRs    |    BUFMRs    |    BUFIOs    |     MMCM     |      PLL     |      GT      |      PCI     |    ILOGIC    |    OLOGIC    |      FF      |     LUTM     |    RAMB18    |    RAMB36    |    DSP48E2   |
+-------------------+------+-------+------+-------+------+-------+------+-------+------+-------+------+-------+------+-------+------+-------+------+-------+------+-------+------+-------+------+-------+------+-------+------+-------+------+-------+
| Clock Region Name | Used | Avail | Used | Avail | Used | Avail | Used | Avail | Used | Avail | Used | Avail | Used | Avail | Used | Avail | Used | Avail | Used | Avail | Used | Avail | Used | Avail | Used | Avail | Used | Avail | Used | Avail |
+-------------------+------+-------+------+-------+------+-------+------+-------+------+-------+------+-------+------+-------+------+-------+------+-------+------+-------+------+-------+------+-------+------+-------+------+-------+------+-------+
| X0Y0              |    5 |    12 |    0 |     4 |    0 |     2 |    0 |     4 |    0 |     1 |    0 |     1 |    0 |     0 |    0 |     0 |    0 |    50 |    0 |    50 | 1217 |  1200 |  361 |   400 |    0 |    20 |   10 |    10 |    1 |    20 |
| X1Y0              |    8 |    12 |    0 |     4 |    0 |     2 |    0 |     4 |    1 |     1 |    0 |     1 |    0 |     0 |    0 |     0 |    0 |    50 |    0 |    50 | 1043 |  1500 |   85 |   450 |    0 |    40 |   19 |    20 |    0 |    20 |
| X0Y1              |    4 |    12 |    0 |     4 |    0 |     2 |    0 |     4 |    0 |     1 |    0 |     1 |    0 |     0 |    0 |     0 |    0 |    50 |    0 |    50 | 2497 |  1200 |  756 |   400 |    0 |    20 |    6 |    10 |    0 |    20 |
| X1Y1              |    3 |    12 |    0 |     4 |    0 |     2 |    0 |     4 |    0 |     1 |    0 |     1 |    0 |     0 |    0 |     0 |    0 |    50 |    0 |    50 | 3039 |  1500 |  610 |   450 |    0 |    40 |   13 |    20 |    0 |    20 |
| X0Y2              |    3 |    12 |    0 |     4 |    0 |     2 |    0 |     4 |    0 |     1 |    0 |     1 |    0 |     0 |    0 |     0 |    0 |    50 |    0 |    50 | 4364 |  1800 | 1041 |   400 |    0 |    20 |    0 |    10 |    0 |    20 |
| X1Y2              |    2 |    12 |    0 |     0 |    0 |     0 |    0 |     0 |    0 |     0 |    0 |     0 |    0 |     4 |    0 |     1 |    0 |     0 |    0 |     0 | 2179 |   950 |  698 |   300 |    0 |    10 |    0 |     5 |    0 |    20 |
+-------------------+------+-------+------+-------+------+-------+------+-------+------+-------+------+-------+------+-------+------+-------+------+-------+------+-------+------+-------+------+-------+------+-------+------+-------+------+-------+
* Global Clock column represents track count; while other columns represents cell counts


6. Clock Regions : Global Clock Summary
---------------------------------------

All Modules
+----+----+----+
|    | X0 | X1 |
+----+----+----+
| Y2 |  3 |  2 |
| Y1 |  4 |  3 |
| Y0 |  5 |  8 |
+----+----+----+


7. Device Cell Placement Summary for Global Clock g0
----------------------------------------------------

+-----------+-----------------+-------------------+-------+-------------+---------------+-------------+----------+----------------+----------+-----------------------+
| Global Id | Driver Type/Pin | Driver Region (D) | Clock | Period (ns) | Waveform (ns) | Slice Loads | IO Loads | Clocking Loads | GT Loads | Net                   |
+-----------+-----------------+-------------------+-------+-------------+---------------+-------------+----------+----------------+----------+-----------------------+
| g0        | BUFG/O          | n/a               |       |             |               |       13233 |        1 |              0 |        0 | J_MIC3_Pin1_OBUF_BUFG |
+-----------+-----------------+-------------------+-------+-------------+---------------+-------------+----------+----------------+----------+-----------------------+
* Logic Loads column represents load cell count of all cell types other than IO, GT and clock resources
** IO Loads column represents load cell count of IO types
*** Clocking Loads column represents load cell count that are clock resources (global clock buffer, MMCM, PLL, etc)
**** GT Loads column represents load cell count of GT types


+----+-------+-------+
|    | X0    | X1    |
+----+-------+-------+
| Y2 |  4328 |  2174 |
| Y1 |  2351 |  3000 |
| Y0 |   844 |   537 |
+----+-------+-------+


8. Device Cell Placement Summary for Global Clock g1
----------------------------------------------------

+-----------+-----------------+-------------------+-------------+-------------+---------------+-------------+----------+----------------+----------+---------------+
| Global Id | Driver Type/Pin | Driver Region (D) | Clock       | Period (ns) | Waveform (ns) | Slice Loads | IO Loads | Clocking Loads | GT Loads | Net           |
+-----------+-----------------+-------------------+-------------+-------------+---------------+-------------+----------+----------------+----------+---------------+
| g1        | BUFG/O          | n/a               | sys_clk_pin |      10.000 | {0.000 5.000} |         505 |        0 |              1 |        0 | CLK_IBUF_BUFG |
+-----------+-----------------+-------------------+-------------+-------------+---------------+-------------+----------+----------------+----------+---------------+
* Logic Loads column represents load cell count of all cell types other than IO, GT and clock resources
** IO Loads column represents load cell count of IO types
*** Clocking Loads column represents load cell count that are clock resources (global clock buffer, MMCM, PLL, etc)
**** GT Loads column represents load cell count of GT types


+----+------+------+
|    | X0   | X1   |
+----+------+------+
| Y2 |    0 |    0 |
| Y1 |    6 |   13 |
| Y0 |  195 |  292 |
+----+------+------+


9. Device Cell Placement Summary for Global Clock g2
----------------------------------------------------

+-----------+-----------------+-------------------+-------+-------------+---------------+-------------+----------+----------------+----------+---------------+
| Global Id | Driver Type/Pin | Driver Region (D) | Clock | Period (ns) | Waveform (ns) | Slice Loads | IO Loads | Clocking Loads | GT Loads | Net           |
+-----------+-----------------+-------------------+-------+-------------+---------------+-------------+----------+----------------+----------+---------------+
| g2        | BUFG/O          | n/a               |       |             |               |         114 |        0 |              0 |        0 | clk_20Hz_BUFG |
+-----------+-----------------+-------------------+-------+-------------+---------------+-------------+----------+----------------+----------+---------------+
* Logic Loads column represents load cell count of all cell types other than IO, GT and clock resources
** IO Loads column represents load cell count of IO types
*** Clocking Loads column represents load cell count that are clock resources (global clock buffer, MMCM, PLL, etc)
**** GT Loads column represents load cell count of GT types


+----+------+----+
|    | X0   | X1 |
+----+------+----+
| Y2 |    5 |  0 |
| Y1 |  109 |  0 |
| Y0 |    0 |  0 |
+----+------+----+


10. Device Cell Placement Summary for Global Clock g3
-----------------------------------------------------

+-----------+-----------------+-------------------+--------------------+-------------+---------------+-------------+----------+----------------+----------+-------------------------------+
| Global Id | Driver Type/Pin | Driver Region (D) | Clock              | Period (ns) | Waveform (ns) | Slice Loads | IO Loads | Clocking Loads | GT Loads | Net                           |
+-----------+-----------------+-------------------+--------------------+-------------+---------------+-------------+----------+----------------+----------+-------------------------------+
| g3        | BUFG/O          | n/a               | clk_out1_clk_wiz_0 |       9.259 | {0.000 4.630} |         189 |        0 |              0 |        0 | display/VGA_CLK_108M/clk_out1 |
+-----------+-----------------+-------------------+--------------------+-------------+---------------+-------------+----------+----------------+----------+-------------------------------+
* Logic Loads column represents load cell count of all cell types other than IO, GT and clock resources
** IO Loads column represents load cell count of IO types
*** Clocking Loads column represents load cell count that are clock resources (global clock buffer, MMCM, PLL, etc)
**** GT Loads column represents load cell count of GT types


+----+-----+-----+
|    | X0  | X1  |
+----+-----+-----+
| Y2 |  31 |   5 |
| Y1 |  37 |  39 |
| Y0 |  52 |  25 |
+----+-----+-----+


11. Device Cell Placement Summary for Global Clock g4
-----------------------------------------------------

+-----------+-----------------+-------------------+-------+-------------+---------------+-------------+----------+----------------+----------+----------------+
| Global Id | Driver Type/Pin | Driver Region (D) | Clock | Period (ns) | Waveform (ns) | Slice Loads | IO Loads | Clocking Loads | GT Loads | Net            |
+-----------+-----------------+-------------------+-------+-------------+---------------+-------------+----------+----------------+----------+----------------+
| g4        | BUFG/O          | n/a               |       |             |               |          49 |        0 |              0 |        0 | clk_128Hz_BUFG |
+-----------+-----------------+-------------------+-------+-------------+---------------+-------------+----------+----------------+----------+----------------+
* Logic Loads column represents load cell count of all cell types other than IO, GT and clock resources
** IO Loads column represents load cell count of IO types
*** Clocking Loads column represents load cell count that are clock resources (global clock buffer, MMCM, PLL, etc)
**** GT Loads column represents load cell count of GT types


+----+----+-----+
|    | X0 | X1  |
+----+----+-----+
| Y2 |  0 |   0 |
| Y1 |  0 |   0 |
| Y0 |  0 |  49 |
+----+----+-----+


12. Device Cell Placement Summary for Global Clock g5
-----------------------------------------------------

+-----------+-----------------+-------------------+-------+-------------+---------------+-------------+----------+----------------+----------+----------------+
| Global Id | Driver Type/Pin | Driver Region (D) | Clock | Period (ns) | Waveform (ns) | Slice Loads | IO Loads | Clocking Loads | GT Loads | Net            |
+-----------+-----------------+-------------------+-------+-------------+---------------+-------------+----------+----------------+----------+----------------+
| g5        | BUFG/O          | n/a               |       |             |               |          49 |        0 |              0 |        0 | clk_640Hz_BUFG |
+-----------+-----------------+-------------------+-------+-------------+---------------+-------------+----------+----------------+----------+----------------+
* Logic Loads column represents load cell count of all cell types other than IO, GT and clock resources
** IO Loads column represents load cell count of IO types
*** Clocking Loads column represents load cell count that are clock resources (global clock buffer, MMCM, PLL, etc)
**** GT Loads column represents load cell count of GT types


+----+----+-----+
|    | X0 | X1  |
+----+----+-----+
| Y2 |  0 |   0 |
| Y1 |  0 |   0 |
| Y0 |  0 |  49 |
+----+----+-----+


13. Device Cell Placement Summary for Global Clock g6
-----------------------------------------------------

+-----------+-----------------+-------------------+-------+-------------+---------------+-------------+----------+----------------+----------+---------------+
| Global Id | Driver Type/Pin | Driver Region (D) | Clock | Period (ns) | Waveform (ns) | Slice Loads | IO Loads | Clocking Loads | GT Loads | Net           |
+-----------+-----------------+-------------------+-------+-------------+---------------+-------------+----------+----------------+----------+---------------+
| g6        | BUFG/O          | n/a               |       |             |               |          57 |        0 |              0 |        0 | clk_10Hz_BUFG |
+-----------+-----------------+-------------------+-------+-------------+---------------+-------------+----------+----------------+----------+---------------+
* Logic Loads column represents load cell count of all cell types other than IO, GT and clock resources
** IO Loads column represents load cell count of IO types
*** Clocking Loads column represents load cell count that are clock resources (global clock buffer, MMCM, PLL, etc)
**** GT Loads column represents load cell count of GT types


+----+----+-----+
|    | X0 | X1  |
+----+----+-----+
| Y2 |  0 |   0 |
| Y1 |  0 |   0 |
| Y0 |  6 |  51 |
+----+----+-----+


14. Device Cell Placement Summary for Global Clock g7
-----------------------------------------------------

+-----------+-----------------+-------------------+-------+-------------+---------------+-------------+----------+----------------+----------+--------------+
| Global Id | Driver Type/Pin | Driver Region (D) | Clock | Period (ns) | Waveform (ns) | Slice Loads | IO Loads | Clocking Loads | GT Loads | Net          |
+-----------+-----------------+-------------------+-------+-------------+---------------+-------------+----------+----------------+----------+--------------+
| g7        | BUFG/O          | n/a               |       |             |               |          57 |        0 |              0 |        0 | clk_2Hz_BUFG |
+-----------+-----------------+-------------------+-------+-------------+---------------+-------------+----------+----------------+----------+--------------+
* Logic Loads column represents load cell count of all cell types other than IO, GT and clock resources
** IO Loads column represents load cell count of IO types
*** Clocking Loads column represents load cell count that are clock resources (global clock buffer, MMCM, PLL, etc)
**** GT Loads column represents load cell count of GT types


+----+-----+----+
|    | X0  | X1 |
+----+-----+----+
| Y2 |   0 |  0 |
| Y1 |   0 |  0 |
| Y0 |  57 |  0 |
+----+-----+----+


15. Device Cell Placement Summary for Global Clock g8
-----------------------------------------------------

+-----------+-----------------+-------------------+-------+-------------+---------------+-------------+----------+----------------+----------+----------------+
| Global Id | Driver Type/Pin | Driver Region (D) | Clock | Period (ns) | Waveform (ns) | Slice Loads | IO Loads | Clocking Loads | GT Loads | Net            |
+-----------+-----------------+-------------------+-------+-------------+---------------+-------------+----------+----------------+----------+----------------+
| g8        | BUFG/O          | n/a               |       |             |               |          44 |        0 |              0 |        0 | clk_762Hz_BUFG |
+-----------+-----------------+-------------------+-------+-------------+---------------+-------------+----------+----------------+----------+----------------+
* Logic Loads column represents load cell count of all cell types other than IO, GT and clock resources
** IO Loads column represents load cell count of IO types
*** Clocking Loads column represents load cell count that are clock resources (global clock buffer, MMCM, PLL, etc)
**** GT Loads column represents load cell count of GT types


+----+----+-----+
|    | X0 | X1  |
+----+----+-----+
| Y2 |  0 |   0 |
| Y1 |  0 |   0 |
| Y0 |  0 |  44 |
+----+----+-----+


16. Device Cell Placement Summary for Global Clock g9
-----------------------------------------------------

+-----------+-----------------+-------------------+--------------------+-------------+---------------+-------------+----------+----------------+----------+---------------------------------------------+
| Global Id | Driver Type/Pin | Driver Region (D) | Clock              | Period (ns) | Waveform (ns) | Slice Loads | IO Loads | Clocking Loads | GT Loads | Net                                         |
+-----------+-----------------+-------------------+--------------------+-------------+---------------+-------------+----------+----------------+----------+---------------------------------------------+
| g9        | BUFG/O          | n/a               | clkfbout_clk_wiz_0 |      10.000 | {0.000 5.000} |           0 |        0 |              1 |        0 | display/VGA_CLK_108M/clkfbout_buf_clk_wiz_0 |
+-----------+-----------------+-------------------+--------------------+-------------+---------------+-------------+----------+----------------+----------+---------------------------------------------+
* Logic Loads column represents load cell count of all cell types other than IO, GT and clock resources
** IO Loads column represents load cell count of IO types
*** Clocking Loads column represents load cell count that are clock resources (global clock buffer, MMCM, PLL, etc)
**** GT Loads column represents load cell count of GT types


+----+----+----+
|    | X0 | X1 |
+----+----+----+
| Y2 |  0 |  0 |
| Y1 |  0 |  0 |
| Y0 |  0 |  1 |
+----+----+----+


17. Clock Region Cell Placement per Global Clock: Region X0Y0
-------------------------------------------------------------

+-----------+-------+-----------------+------------+-------------+-----------------+-----+--------+------+-----+----+------+-----+---------+-------------------------------+
| Global Id | Track | Driver Type/Pin | Constraint | Clock Loads | Non-Clock Loads | FF  | LUTRAM | RAMB | DSP | GT | MMCM | PLL | Hard IP | Net                           |
+-----------+-------+-----------------+------------+-------------+-----------------+-----+--------+------+-----+----+------+-----+---------+-------------------------------+
| g0        | n/a   | BUFG/O          | None       |         831 |              13 | 843 |      0 |    0 |   0 |  0 |    0 |   0 |       0 | J_MIC3_Pin1_OBUF_BUFG         |
| g1        | n/a   | BUFG/O          | None       |         195 |               0 | 184 |      0 |   10 |   1 |  0 |    0 |   0 |       0 | CLK_IBUF_BUFG                 |
| g3        | n/a   | BUFG/O          | None       |          52 |               0 |  52 |      0 |    0 |   0 |  0 |    0 |   0 |       0 | display/VGA_CLK_108M/clk_out1 |
| g6        | n/a   | BUFG/O          | None       |           6 |               0 |   6 |      0 |    0 |   0 |  0 |    0 |   0 |       0 | clk_10Hz_BUFG                 |
| g7        | n/a   | BUFG/O          | None       |          57 |               0 |  57 |      0 |    0 |   0 |  0 |    0 |   0 |       0 | clk_2Hz_BUFG                  |
+-----------+-------+-----------------+------------+-------------+-----------------+-----+--------+------+-----+----+------+-----+---------+-------------------------------+
* Clock Loads column represents the clock pin loads (pin count)
** Non-Clock Loads column represents the non-clock pin loads (pin count)
*** Columns FF, LUTRAM, RAMB through 'Hard IP' represents load cell counts


18. Clock Region Cell Placement per Global Clock: Region X1Y0
-------------------------------------------------------------

+-----------+-------+-----------------+------------+-------------+-----------------+-----+--------+------+-----+----+------+-----+---------+---------------------------------------------+
| Global Id | Track | Driver Type/Pin | Constraint | Clock Loads | Non-Clock Loads | FF  | LUTRAM | RAMB | DSP | GT | MMCM | PLL | Hard IP | Net                                         |
+-----------+-------+-----------------+------------+-------------+-----------------+-----+--------+------+-----+----+------+-----+---------+---------------------------------------------+
| g0        | n/a   | BUFG/O          | None       |         537 |               0 | 537 |      0 |    0 |   0 |  0 |    0 |   0 |       0 | J_MIC3_Pin1_OBUF_BUFG                       |
| g1        | n/a   | BUFG/O          | None       |         292 |               0 | 272 |      0 |   19 |   0 |  0 |    1 |   0 |       0 | CLK_IBUF_BUFG                               |
| g3        | n/a   | BUFG/O          | None       |          25 |               0 |  25 |      0 |    0 |   0 |  0 |    0 |   0 |       0 | display/VGA_CLK_108M/clk_out1               |
| g4        | n/a   | BUFG/O          | None       |          49 |               0 |  49 |      0 |    0 |   0 |  0 |    0 |   0 |       0 | clk_128Hz_BUFG                              |
| g5        | n/a   | BUFG/O          | None       |          49 |               0 |  49 |      0 |    0 |   0 |  0 |    0 |   0 |       0 | clk_640Hz_BUFG                              |
| g6        | n/a   | BUFG/O          | None       |          51 |               0 |  51 |      0 |    0 |   0 |  0 |    0 |   0 |       0 | clk_10Hz_BUFG                               |
| g8        | n/a   | BUFG/O          | None       |          44 |               0 |  44 |      0 |    0 |   0 |  0 |    0 |   0 |       0 | clk_762Hz_BUFG                              |
| g9        | n/a   | BUFG/O          | None       |           1 |               0 |   0 |      0 |    0 |   0 |  0 |    1 |   0 |       0 | display/VGA_CLK_108M/clkfbout_buf_clk_wiz_0 |
+-----------+-------+-----------------+------------+-------------+-----------------+-----+--------+------+-----+----+------+-----+---------+---------------------------------------------+
* Clock Loads column represents the clock pin loads (pin count)
** Non-Clock Loads column represents the non-clock pin loads (pin count)
*** Columns FF, LUTRAM, RAMB through 'Hard IP' represents load cell counts


19. Clock Region Cell Placement per Global Clock: Region X0Y1
-------------------------------------------------------------

+-----------+-------+-----------------+------------+-------------+-----------------+------+--------+------+-----+----+------+-----+---------+-------------------------------+
| Global Id | Track | Driver Type/Pin | Constraint | Clock Loads | Non-Clock Loads | FF   | LUTRAM | RAMB | DSP | GT | MMCM | PLL | Hard IP | Net                           |
+-----------+-------+-----------------+------------+-------------+-----------------+------+--------+------+-----+----+------+-----+---------+-------------------------------+
| g0        | n/a   | BUFG/O          | None       |        2351 |               0 | 2351 |      0 |    0 |   0 |  0 |    0 |   0 |       0 | J_MIC3_Pin1_OBUF_BUFG         |
| g1        | n/a   | BUFG/O          | None       |           6 |               0 |    0 |      0 |    6 |   0 |  0 |    0 |   0 |       0 | CLK_IBUF_BUFG                 |
| g2        | n/a   | BUFG/O          | None       |         109 |               0 |  109 |      0 |    0 |   0 |  0 |    0 |   0 |       0 | clk_20Hz_BUFG                 |
| g3        | n/a   | BUFG/O          | None       |          37 |               0 |   37 |      0 |    0 |   0 |  0 |    0 |   0 |       0 | display/VGA_CLK_108M/clk_out1 |
+-----------+-------+-----------------+------------+-------------+-----------------+------+--------+------+-----+----+------+-----+---------+-------------------------------+
* Clock Loads column represents the clock pin loads (pin count)
** Non-Clock Loads column represents the non-clock pin loads (pin count)
*** Columns FF, LUTRAM, RAMB through 'Hard IP' represents load cell counts


20. Clock Region Cell Placement per Global Clock: Region X1Y1
-------------------------------------------------------------

+-----------+-------+-----------------+------------+-------------+-----------------+------+--------+------+-----+----+------+-----+---------+-------------------------------+
| Global Id | Track | Driver Type/Pin | Constraint | Clock Loads | Non-Clock Loads | FF   | LUTRAM | RAMB | DSP | GT | MMCM | PLL | Hard IP | Net                           |
+-----------+-------+-----------------+------------+-------------+-----------------+------+--------+------+-----+----+------+-----+---------+-------------------------------+
| g0        | n/a   | BUFG/O          | None       |        3000 |               0 | 3000 |      0 |    0 |   0 |  0 |    0 |   0 |       0 | J_MIC3_Pin1_OBUF_BUFG         |
| g1        | n/a   | BUFG/O          | None       |          13 |               0 |    0 |      0 |   13 |   0 |  0 |    0 |   0 |       0 | CLK_IBUF_BUFG                 |
| g3        | n/a   | BUFG/O          | None       |          39 |               0 |   39 |      0 |    0 |   0 |  0 |    0 |   0 |       0 | display/VGA_CLK_108M/clk_out1 |
+-----------+-------+-----------------+------------+-------------+-----------------+------+--------+------+-----+----+------+-----+---------+-------------------------------+
* Clock Loads column represents the clock pin loads (pin count)
** Non-Clock Loads column represents the non-clock pin loads (pin count)
*** Columns FF, LUTRAM, RAMB through 'Hard IP' represents load cell counts


21. Clock Region Cell Placement per Global Clock: Region X0Y2
-------------------------------------------------------------

+-----------+-------+-----------------+------------+-------------+-----------------+------+--------+------+-----+----+------+-----+---------+-------------------------------+
| Global Id | Track | Driver Type/Pin | Constraint | Clock Loads | Non-Clock Loads | FF   | LUTRAM | RAMB | DSP | GT | MMCM | PLL | Hard IP | Net                           |
+-----------+-------+-----------------+------------+-------------+-----------------+------+--------+------+-----+----+------+-----+---------+-------------------------------+
| g0        | n/a   | BUFG/O          | None       |        4328 |               0 | 4328 |      0 |    0 |   0 |  0 |    0 |   0 |       0 | J_MIC3_Pin1_OBUF_BUFG         |
| g2        | n/a   | BUFG/O          | None       |           5 |               0 |    5 |      0 |    0 |   0 |  0 |    0 |   0 |       0 | clk_20Hz_BUFG                 |
| g3        | n/a   | BUFG/O          | None       |          31 |               0 |   31 |      0 |    0 |   0 |  0 |    0 |   0 |       0 | display/VGA_CLK_108M/clk_out1 |
+-----------+-------+-----------------+------------+-------------+-----------------+------+--------+------+-----+----+------+-----+---------+-------------------------------+
* Clock Loads column represents the clock pin loads (pin count)
** Non-Clock Loads column represents the non-clock pin loads (pin count)
*** Columns FF, LUTRAM, RAMB through 'Hard IP' represents load cell counts


22. Clock Region Cell Placement per Global Clock: Region X1Y2
-------------------------------------------------------------

+-----------+-------+-----------------+------------+-------------+-----------------+------+--------+------+-----+----+------+-----+---------+-------------------------------+
| Global Id | Track | Driver Type/Pin | Constraint | Clock Loads | Non-Clock Loads | FF   | LUTRAM | RAMB | DSP | GT | MMCM | PLL | Hard IP | Net                           |
+-----------+-------+-----------------+------------+-------------+-----------------+------+--------+------+-----+----+------+-----+---------+-------------------------------+
| g0        | n/a   | BUFG/O          | None       |        2174 |               0 | 2174 |      0 |    0 |   0 |  0 |    0 |   0 |       0 | J_MIC3_Pin1_OBUF_BUFG         |
| g3        | n/a   | BUFG/O          | None       |           5 |               0 |    5 |      0 |    0 |   0 |  0 |    0 |   0 |       0 | display/VGA_CLK_108M/clk_out1 |
+-----------+-------+-----------------+------------+-------------+-----------------+------+--------+------+-----+----+------+-----+---------+-------------------------------+
* Clock Loads column represents the clock pin loads (pin count)
** Non-Clock Loads column represents the non-clock pin loads (pin count)
*** Columns FF, LUTRAM, RAMB through 'Hard IP' represents load cell counts



# Location of BUFG Primitives 
set_property LOC BUFGCTRL_X0Y9 [get_cells display/VGA_CLK_108M/clkf_buf]
set_property LOC BUFGCTRL_X0Y5 [get_cells display/VGA_CLK_108M/clkout1_buf]
set_property LOC BUFGCTRL_X0Y8 [get_cells clk_762Hz_BUFG_inst]
set_property LOC BUFGCTRL_X0Y4 [get_cells clk_640Hz_BUFG_inst]
set_property LOC BUFGCTRL_X0Y7 [get_cells clk_2Hz_BUFG_inst]
set_property LOC BUFGCTRL_X0Y1 [get_cells clk_20Hz_BUFG_inst]
set_property LOC BUFGCTRL_X0Y3 [get_cells clk_128Hz_BUFG_inst]
set_property LOC BUFGCTRL_X0Y6 [get_cells clk_10Hz_BUFG_inst]
set_property LOC BUFGCTRL_X0Y0 [get_cells J_MIC3_Pin1_OBUF_BUFG_inst]
set_property LOC BUFGCTRL_X0Y2 [get_cells CLK_IBUF_BUFG_inst]

# Location of IO Primitives which is load of clock spine
set_property LOC IOB_X0Y25 [get_cells J_MIC3_Pin1_OBUF_inst]

# Location of clock ports
set_property LOC IOB_X1Y26 [get_ports CLK]

# Clock net "display/VGA_CLK_108M/clk_out1" driven by instance "display/VGA_CLK_108M/clkout1_buf" located at site "BUFGCTRL_X0Y5"
#startgroup
create_pblock {CLKAG_display/VGA_CLK_108M/clk_out1}
add_cells_to_pblock [get_pblocks  {CLKAG_display/VGA_CLK_108M/clk_out1}] [get_cells -filter { PRIMITIVE_GROUP != I/O && IS_PRIMITIVE==1 && PRIMITIVE_LEVEL !=INTERNAL } -of_object [get_pins -filter {DIRECTION==IN} -of_objects [get_nets -hierarchical -filter {PARENT=="display/VGA_CLK_108M/clk_out1"}]]]
resize_pblock [get_pblocks {CLKAG_display/VGA_CLK_108M/clk_out1}] -add {CLOCKREGION_X0Y0:CLOCKREGION_X0Y0 CLOCKREGION_X0Y1:CLOCKREGION_X0Y1 CLOCKREGION_X0Y2:CLOCKREGION_X0Y2 CLOCKREGION_X1Y0:CLOCKREGION_X1Y0 CLOCKREGION_X1Y1:CLOCKREGION_X1Y1 CLOCKREGION_X1Y2:CLOCKREGION_X1Y2}
#endgroup

# Clock net "clk_762Hz_BUFG" driven by instance "clk_762Hz_BUFG_inst" located at site "BUFGCTRL_X0Y8"
#startgroup
create_pblock {CLKAG_clk_762Hz_BUFG}
add_cells_to_pblock [get_pblocks  {CLKAG_clk_762Hz_BUFG}] [get_cells -filter { PRIMITIVE_GROUP != I/O && IS_PRIMITIVE==1 && PRIMITIVE_LEVEL !=INTERNAL } -of_object [get_pins -filter {DIRECTION==IN} -of_objects [get_nets -hierarchical -filter {PARENT=="clk_762Hz_BUFG"}]]]
resize_pblock [get_pblocks {CLKAG_clk_762Hz_BUFG}] -add {CLOCKREGION_X1Y0:CLOCKREGION_X1Y0}
#endgroup

# Clock net "clk_640Hz_BUFG" driven by instance "clk_640Hz_BUFG_inst" located at site "BUFGCTRL_X0Y4"
#startgroup
create_pblock {CLKAG_clk_640Hz_BUFG}
add_cells_to_pblock [get_pblocks  {CLKAG_clk_640Hz_BUFG}] [get_cells -filter { PRIMITIVE_GROUP != I/O && IS_PRIMITIVE==1 && PRIMITIVE_LEVEL !=INTERNAL } -of_object [get_pins -filter {DIRECTION==IN} -of_objects [get_nets -hierarchical -filter {PARENT=="clk_640Hz_BUFG"}]]]
resize_pblock [get_pblocks {CLKAG_clk_640Hz_BUFG}] -add {CLOCKREGION_X1Y0:CLOCKREGION_X1Y0}
#endgroup

# Clock net "clk_2Hz_BUFG" driven by instance "clk_2Hz_BUFG_inst" located at site "BUFGCTRL_X0Y7"
#startgroup
create_pblock {CLKAG_clk_2Hz_BUFG}
add_cells_to_pblock [get_pblocks  {CLKAG_clk_2Hz_BUFG}] [get_cells -filter { PRIMITIVE_GROUP != I/O && IS_PRIMITIVE==1 && PRIMITIVE_LEVEL !=INTERNAL } -of_object [get_pins -filter {DIRECTION==IN} -of_objects [get_nets -hierarchical -filter {PARENT=="clk_2Hz_BUFG"}]]]
resize_pblock [get_pblocks {CLKAG_clk_2Hz_BUFG}] -add {CLOCKREGION_X0Y0:CLOCKREGION_X0Y0}
#endgroup

# Clock net "clk_20Hz_BUFG" driven by instance "clk_20Hz_BUFG_inst" located at site "BUFGCTRL_X0Y1"
#startgroup
create_pblock {CLKAG_clk_20Hz_BUFG}
add_cells_to_pblock [get_pblocks  {CLKAG_clk_20Hz_BUFG}] [get_cells -filter { PRIMITIVE_GROUP != I/O && IS_PRIMITIVE==1 && PRIMITIVE_LEVEL !=INTERNAL } -of_object [get_pins -filter {DIRECTION==IN} -of_objects [get_nets -hierarchical -filter {PARENT=="clk_20Hz_BUFG"}]]]
resize_pblock [get_pblocks {CLKAG_clk_20Hz_BUFG}] -add {CLOCKREGION_X0Y1:CLOCKREGION_X0Y1 CLOCKREGION_X0Y2:CLOCKREGION_X0Y2}
#endgroup

# Clock net "clk_128Hz_BUFG" driven by instance "clk_128Hz_BUFG_inst" located at site "BUFGCTRL_X0Y3"
#startgroup
create_pblock {CLKAG_clk_128Hz_BUFG}
add_cells_to_pblock [get_pblocks  {CLKAG_clk_128Hz_BUFG}] [get_cells -filter { PRIMITIVE_GROUP != I/O && IS_PRIMITIVE==1 && PRIMITIVE_LEVEL !=INTERNAL } -of_object [get_pins -filter {DIRECTION==IN} -of_objects [get_nets -hierarchical -filter {PARENT=="clk_128Hz_BUFG"}]]]
resize_pblock [get_pblocks {CLKAG_clk_128Hz_BUFG}] -add {CLOCKREGION_X1Y0:CLOCKREGION_X1Y0}
#endgroup

# Clock net "clk_10Hz_BUFG" driven by instance "clk_10Hz_BUFG_inst" located at site "BUFGCTRL_X0Y6"
#startgroup
create_pblock {CLKAG_clk_10Hz_BUFG}
add_cells_to_pblock [get_pblocks  {CLKAG_clk_10Hz_BUFG}] [get_cells -filter { PRIMITIVE_GROUP != I/O && IS_PRIMITIVE==1 && PRIMITIVE_LEVEL !=INTERNAL } -of_object [get_pins -filter {DIRECTION==IN} -of_objects [get_nets -hierarchical -filter {PARENT=="clk_10Hz_BUFG"}]]]
resize_pblock [get_pblocks {CLKAG_clk_10Hz_BUFG}] -add {CLOCKREGION_X0Y0:CLOCKREGION_X0Y0 CLOCKREGION_X1Y0:CLOCKREGION_X1Y0}
#endgroup

# Clock net "J_MIC3_Pin1_OBUF_BUFG" driven by instance "J_MIC3_Pin1_OBUF_BUFG_inst" located at site "BUFGCTRL_X0Y0"
#startgroup
create_pblock {CLKAG_J_MIC3_Pin1_OBUF_BUFG}
add_cells_to_pblock [get_pblocks  {CLKAG_J_MIC3_Pin1_OBUF_BUFG}] [get_cells -filter { PRIMITIVE_GROUP != I/O && IS_PRIMITIVE==1 && PRIMITIVE_LEVEL !=INTERNAL && NAME!=J_MIC3_Pin1_OBUF_inst} -of_object [get_pins -filter {DIRECTION==IN} -of_objects [get_nets -hierarchical -filter {PARENT=="J_MIC3_Pin1_OBUF_BUFG"}]]]
resize_pblock [get_pblocks {CLKAG_J_MIC3_Pin1_OBUF_BUFG}] -add {CLOCKREGION_X0Y0:CLOCKREGION_X0Y0 CLOCKREGION_X0Y1:CLOCKREGION_X0Y1 CLOCKREGION_X0Y2:CLOCKREGION_X0Y2 CLOCKREGION_X1Y0:CLOCKREGION_X1Y0 CLOCKREGION_X1Y1:CLOCKREGION_X1Y1 CLOCKREGION_X1Y2:CLOCKREGION_X1Y2}
#endgroup

# Clock net "CLK_IBUF_BUFG" driven by instance "CLK_IBUF_BUFG_inst" located at site "BUFGCTRL_X0Y2"
#startgroup
create_pblock {CLKAG_CLK_IBUF_BUFG}
add_cells_to_pblock [get_pblocks  {CLKAG_CLK_IBUF_BUFG}] [get_cells -filter { PRIMITIVE_GROUP != I/O && IS_PRIMITIVE==1 && PRIMITIVE_LEVEL !=INTERNAL && NAME!=display/VGA_CLK_108M/mmcm_adv_inst} -of_object [get_pins -filter {DIRECTION==IN} -of_objects [get_nets -hierarchical -filter {PARENT=="CLK_IBUF_BUFG"}]]]
resize_pblock [get_pblocks {CLKAG_CLK_IBUF_BUFG}] -add {CLOCKREGION_X0Y0:CLOCKREGION_X0Y0 CLOCKREGION_X0Y1:CLOCKREGION_X0Y1 CLOCKREGION_X1Y0:CLOCKREGION_X1Y0 CLOCKREGION_X1Y1:CLOCKREGION_X1Y1}
#endgroup
